// Jest Snapshot v1, https://goo.gl/fbAQLP

exports[`matches snapshot 1`] = `
Array [
  <div
    className="nav"
  >
    <div
      className="nav-header"
    >
      <div
        className="nav-title"
      >
        Pok√©Dex
      </div>
    </div>
  </div>,
  <div
    className="title"
  >
    <h1>
      Select A Pokemon
    </h1>
  </div>,
  <div
    className="container"
    data-testid="App"
  >
    <div
      className="infinite-scroll-component__outerdiv"
      style={Object {}}
    >
      <div
        className="infinite-scroll-component "
        style={
          Object {
            "WebkitOverflowScrolling": "touch",
            "height": "auto",
            "overflow": "auto",
          }
        }
      >
        <div
          className="App"
        />
        <h4>
          Loading...
        </h4>
      </div>
    </div>
  </div>,
]
`;
